{
  "T": 100.0,
  "dt": 5.619851784832581,
  "custom_vs_rk45": {
    "name": "custom_vs_rk45",
    "max_abs_energy_error": 9.060135020559808e-07,
    "max_abs_angmom_error": 1.4665048236758967e-10,
    "trajectory_rmse": 0.09409953455257745,
    "velocity_rmse": 0.0004602943469313321
  },
  "rebound_vs_rk45": {
    "name": "rebound_vs_rk45",
    "max_abs_energy_error": 3.4261378456523772e-12,
    "max_abs_angmom_error": 1.4665048236758837e-10,
    "trajectory_rmse": 0.08970892291727108,
    "velocity_rmse": 0.0005019097939209514
  },
  "custom_vs_rebound": {
    "name": "custom_vs_rebound",
    "max_abs_energy_error": 9.06014298097382e-07,
    "max_abs_angmom_error": 6.938893903907228e-17,
    "trajectory_rmse": 0.0044435320757584525,
    "velocity_rmse": 4.244788351612269e-05
  },
  "rk45_reference": {
    "initial_energy": -0.00017532117307087532,
    "initial_angmom": [
      0.0,
      0.084970583144992,
      -0.084970583144992
    ]
  },
  "score_breakdowns": {
    "custom": {
      "name": "custom",
      "position": {
        "score": 109.02901187825947,
        "permutation_error": 109.02901187825947,
        "collision_penalty": 0.0,
        "energy_drift": 0.005167740337511797,
        "min_pair_distance": 20.000000000000004,
        "distance_matrix_error": 0.0
      },
      "event": {
        "total_score": 1000000.0,
        "time_variance": 1000000.0,
        "event_sequence_error": 1000000.0,
        "event_count_difference": 1000000.0,
        "center_motion_error": 0.0,
        "energy_drift": 9.060142980982493e-07
      }
    },
    "rk45": {
      "name": "rk45",
      "position": {
        "score": 107.90687056800795,
        "permutation_error": 107.90687056800795,
        "collision_penalty": 0.0,
        "energy_drift": 1.9542060541116672e-08,
        "min_pair_distance": 20.000000000000004,
        "distance_matrix_error": 0.0
      },
      "event": {
        "total_score": 1000000.0,
        "time_variance": 1000000.0,
        "event_sequence_error": 1000000.0,
        "event_count_difference": 1000000.0,
        "center_motion_error": 0.0,
        "energy_drift": 7.960422685610036e-13
      }
    },
    "rebound": {
      "name": "rebound",
      "position": {
        "score": 108.9796864654032,
        "permutation_error": 108.9796864654032,
        "collision_penalty": 0.0,
        "energy_drift": 7.420909774865846e-15,
        "min_pair_distance": 20.000000000000004,
        "distance_matrix_error": 0.0
      },
      "event": {
        "total_score": 1000000.0,
        "time_variance": 1000000.0,
        "event_sequence_error": 1000000.0,
        "event_count_difference": 1000000.0,
        "center_motion_error": 0.0,
        "energy_drift": 8.673617379884035e-19
      }
    }
  }
}
