Generating 30×30 heatmap for k=0.135335
Alpha range: [0.000, 1.000]
Beta range: [0.000, 1.000]
  Progress: 1/30 × 10/30
  Progress: 1/30 × 20/30
  Progress: 1/30 × 30/30
  Progress: 2/30 × 5/30
  Progress: 2/30 × 10/30
  Progress: 2/30 × 15/30
  Progress: 2/30 × 20/30
  Progress: 2/30 × 25/30
  Progress: 2/30 × 30/30
  Progress: 3/30 × 10/30
  Progress: 3/30 × 20/30
  Progress: 3/30 × 30/30
  Progress: 4/30 × 5/30
  Progress: 4/30 × 10/30
  Progress: 4/30 × 15/30
  Progress: 4/30 × 20/30
  Progress: 4/30 × 25/30
  Progress: 4/30 × 30/30
  Progress: 5/30 × 2/30
  Progress: 5/30 × 4/30
  Progress: 5/30 × 6/30
  Progress: 5/30 × 8/30
  Progress: 5/30 × 10/30
  Progress: 5/30 × 12/30
  Progress: 5/30 × 14/30
  Progress: 5/30 × 16/30
  Progress: 5/30 × 18/30
  Progress: 5/30 × 20/30
  Progress: 5/30 × 22/30
  Progress: 5/30 × 24/30
  Progress: 5/30 × 26/30
  Progress: 5/30 × 28/30
  Progress: 5/30 × 30/30
  Progress: 6/30 × 5/30
  Progress: 6/30 × 10/30
  Progress: 6/30 × 15/30
  Progress: 6/30 × 20/30
  Progress: 6/30 × 25/30
  Progress: 6/30 × 30/30
  Progress: 7/30 × 10/30
  Progress: 7/30 × 20/30
  Progress: 7/30 × 30/30
  Progress: 8/30 × 5/30
  Progress: 8/30 × 10/30
  Progress: 8/30 × 15/30
  Progress: 8/30 × 20/30
  Progress: 8/30 × 25/30
  Progress: 8/30 × 30/30
  Progress: 9/30 × 10/30
  Progress: 9/30 × 20/30
  Progress: 9/30 × 30/30
  Progress: 10/30 × 1/30
  Progress: 10/30 × 2/30
  Progress: 10/30 × 3/30
  Progress: 10/30 × 4/30
  Progress: 10/30 × 5/30
  Progress: 10/30 × 6/30
  Progress: 10/30 × 7/30
  Progress: 10/30 × 8/30
  Progress: 10/30 × 9/30
  Progress: 10/30 × 10/30
  Progress: 10/30 × 11/30
  Progress: 10/30 × 12/30
  Progress: 10/30 × 13/30
  Progress: 10/30 × 14/30
  Progress: 10/30 × 15/30
  Progress: 10/30 × 16/30
  Progress: 10/30 × 17/30
  Progress: 10/30 × 18/30
  Progress: 10/30 × 19/30
  Progress: 10/30 × 20/30
  Progress: 10/30 × 21/30
  Progress: 10/30 × 22/30
  Progress: 10/30 × 23/30
  Progress: 10/30 × 24/30
  Progress: 10/30 × 25/30
  Progress: 10/30 × 26/30
  Progress: 10/30 × 27/30
  Progress: 10/30 × 28/30
  Progress: 10/30 × 29/30
  Progress: 10/30 × 30/30
  Progress: 11/30 × 10/30
  Progress: 11/30 × 20/30
  Progress: 11/30 × 30/30
  Progress: 12/30 × 5/30
  Progress: 12/30 × 10/30
  Progress: 12/30 × 15/30
  Progress: 12/30 × 20/30
  Progress: 12/30 × 25/30
  Progress: 12/30 × 30/30
  Progress: 13/30 × 10/30
  Progress: 13/30 × 20/30
  Progress: 13/30 × 30/30
  Progress: 14/30 × 5/30
  Progress: 14/30 × 10/30
  Progress: 14/30 × 15/30
  Progress: 14/30 × 20/30
  Progress: 14/30 × 25/30
  Progress: 14/30 × 30/30
  Progress: 15/30 × 2/30
  Progress: 15/30 × 4/30
  Progress: 15/30 × 6/30
  Progress: 15/30 × 8/30
  Progress: 15/30 × 10/30
  Progress: 15/30 × 12/30
  Progress: 15/30 × 14/30
  Progress: 15/30 × 16/30
  Progress: 15/30 × 18/30
  Progress: 15/30 × 20/30
  Progress: 15/30 × 22/30
  Progress: 15/30 × 24/30
  Progress: 15/30 × 26/30
  Progress: 15/30 × 28/30
  Progress: 15/30 × 30/30
  Progress: 16/30 × 5/30
  Progress: 16/30 × 10/30
  Progress: 16/30 × 15/30
  Progress: 16/30 × 20/30
  Progress: 16/30 × 25/30
  Progress: 16/30 × 30/30
  Progress: 17/30 × 10/30
  Progress: 17/30 × 20/30
  Progress: 17/30 × 30/30
  Progress: 18/30 × 5/30
  Progress: 18/30 × 10/30
  Progress: 18/30 × 15/30
  Progress: 18/30 × 20/30
  Progress: 18/30 × 25/30
  Progress: 18/30 × 30/30
  Progress: 19/30 × 10/30
  Progress: 19/30 × 20/30
  Progress: 19/30 × 30/30
  Progress: 20/30 × 1/30
  Progress: 20/30 × 2/30
  Progress: 20/30 × 3/30
  Progress: 20/30 × 4/30
  Progress: 20/30 × 5/30
  Progress: 20/30 × 6/30
  Progress: 20/30 × 7/30
  Progress: 20/30 × 8/30
  Progress: 20/30 × 9/30
  Progress: 20/30 × 10/30
  Progress: 20/30 × 11/30
  Progress: 20/30 × 12/30
  Progress: 20/30 × 13/30
  Progress: 20/30 × 14/30
  Progress: 20/30 × 15/30
  Progress: 20/30 × 16/30
  Progress: 20/30 × 17/30
  Progress: 20/30 × 18/30
  Progress: 20/30 × 19/30
  Progress: 20/30 × 20/30
  Progress: 20/30 × 21/30
  Progress: 20/30 × 22/30
  Progress: 20/30 × 23/30
  Progress: 20/30 × 24/30
  Progress: 20/30 × 25/30
  Progress: 20/30 × 26/30
  Progress: 20/30 × 27/30
  Progress: 20/30 × 28/30
  Progress: 20/30 × 29/30
  Progress: 20/30 × 30/30
  Progress: 21/30 × 10/30
  Progress: 21/30 × 20/30
  Progress: 21/30 × 30/30
  Progress: 22/30 × 5/30
  Progress: 22/30 × 10/30
  Progress: 22/30 × 15/30
  Progress: 22/30 × 20/30
  Progress: 22/30 × 25/30
  Progress: 22/30 × 30/30
  Progress: 23/30 × 10/30
  Progress: 23/30 × 20/30
  Progress: 23/30 × 30/30
  Progress: 24/30 × 5/30
  Progress: 24/30 × 10/30
  Progress: 24/30 × 15/30
  Progress: 24/30 × 20/30
  Progress: 24/30 × 25/30
  Progress: 24/30 × 30/30
  Progress: 25/30 × 2/30
  Progress: 25/30 × 4/30
  Progress: 25/30 × 6/30
  Progress: 25/30 × 8/30
  Progress: 25/30 × 10/30
  Progress: 25/30 × 12/30
  Progress: 25/30 × 14/30
  Progress: 25/30 × 16/30
  Progress: 25/30 × 18/30
  Progress: 25/30 × 20/30
  Progress: 25/30 × 22/30
  Progress: 25/30 × 24/30
  Progress: 25/30 × 26/30
  Progress: 25/30 × 28/30
  Progress: 25/30 × 30/30
  Progress: 26/30 × 5/30
  Progress: 26/30 × 10/30
  Progress: 26/30 × 15/30
  Progress: 26/30 × 20/30
  Progress: 26/30 × 25/30
  Progress: 26/30 × 30/30
  Progress: 27/30 × 10/30
  Progress: 27/30 × 20/30
  Progress: 27/30 × 30/30
  Progress: 28/30 × 5/30
  Progress: 28/30 × 10/30
  Progress: 28/30 × 15/30
  Progress: 28/30 × 20/30
  Progress: 28/30 × 25/30
  Progress: 28/30 × 30/30
  Progress: 29/30 × 10/30
  Progress: 29/30 × 20/30
  Progress: 29/30 × 30/30
  Progress: 30/30 × 1/30
  Progress: 30/30 × 2/30
  Progress: 30/30 × 3/30
  Progress: 30/30 × 4/30
  Progress: 30/30 × 5/30
  Progress: 30/30 × 6/30
  Progress: 30/30 × 7/30
  Progress: 30/30 × 8/30
  Progress: 30/30 × 9/30
  Progress: 30/30 × 10/30
  Progress: 30/30 × 11/30
  Progress: 30/30 × 12/30
  Progress: 30/30 × 13/30
  Progress: 30/30 × 14/30
  Progress: 30/30 × 15/30
  Progress: 30/30 × 16/30
  Progress: 30/30 × 17/30
  Progress: 30/30 × 18/30
  Progress: 30/30 × 19/30
  Progress: 30/30 × 20/30
  Progress: 30/30 × 21/30
  Progress: 30/30 × 22/30
  Progress: 30/30 × 23/30
  Progress: 30/30 × 24/30
  Progress: 30/30 × 25/30
  Progress: 30/30 × 26/30
  Progress: 30/30 × 27/30
  Progress: 30/30 × 28/30
  Progress: 30/30 × 29/30
  Progress: 30/30 × 30/30
Heatmap saved to D:\10_projects\playground\Astrophysics\experiments\output\heatmap_k_0.135335.png
Data saved to D:\10_projects\playground\Astrophysics\experiments\output\heatmap_k_0.135335.json
