Generated 10 k values: [0.030197383422318508, 0.06572852861653052, 0.14306668275440823, 0.3114032239145976, 0.6778095780054503, 1.4753406154906223, 3.2112705431535584, 6.98974758306673, 15.21409380444435, 33.115451958692304]
Starting improved search with:
  - Distance matrix loss: False
  - Parameter continuation: False
  - T scanning: None
  - Solver: own
  - Evaluation mode: event
per-k optimize: M=1.0, outer=kM, k in [0.030197383422318508, 0.06572852861653052, 0.14306668275440823, 0.3114032239145976, 0.6778095780054503, 1.4753406154906223, 3.2112705431535584, 6.98974758306673, 15.21409380444435, 33.115451958692304], vesc=0.316228
=== optimize k=0.030197383422318508 (fairy_mass=0.030197383422318508, ln(k)=-3.5000) ===
  k=0.030197383422318508 seed  score=1000000.0000  alpha=-0.500 beta=0.000
  k=0.030197383422318508 refined  score=1000000.0000  v_rad=-0.15811 v_tan=0.00000  success=True
=== optimize k=0.06572852861653052 (fairy_mass=0.06572852861653052, ln(k)=-2.7222) ===
  k=0.06572852861653052 seed  score=1000000.0000  alpha=-0.500 beta=0.000
  k=0.06572852861653052 refined  score=1000000.0000  v_rad=-0.15811 v_tan=0.00000  success=True
=== optimize k=0.14306668275440823 (fairy_mass=0.14306668275440823, ln(k)=-1.9444) ===
  k=0.14306668275440823 seed  score=1000000.0000  alpha=-0.500 beta=0.000
  k=0.14306668275440823 refined  score=1000000.0000  v_rad=-0.15811 v_tan=0.00000  success=True
=== optimize k=0.3114032239145976 (fairy_mass=0.3114032239145976, ln(k)=-1.1667) ===
  k=0.3114032239145976 seed  score=1000000.0000  alpha=-0.500 beta=0.000
  k=0.3114032239145976 refined  score=1000000.0000  v_rad=-0.15811 v_tan=0.00000  success=True
=== optimize k=0.6778095780054503 (fairy_mass=0.6778095780054503, ln(k)=-0.3889) ===
  k=0.6778095780054503 seed  score=1000000.0000  alpha=-0.500 beta=0.000
  k=0.6778095780054503 refined  score=1000000.0000  v_rad=-0.15811 v_tan=0.00000  success=True
=== optimize k=1.4753406154906223 (fairy_mass=1.4753406154906223, ln(k)=0.3889) ===
  k=1.4753406154906223 seed  score=1000000.0000  alpha=-0.500 beta=0.000
  k=1.4753406154906223 refined  score=1000000.0000  v_rad=-0.15811 v_tan=0.00000  success=True
=== optimize k=3.2112705431535584 (fairy_mass=3.2112705431535584, ln(k)=1.1667) ===
  k=3.2112705431535584 seed  score=1000000.0000  alpha=-0.500 beta=0.000
  k=3.2112705431535584 refined  score=1000000.0000  v_rad=-0.15811 v_tan=0.00000  success=True
=== optimize k=6.98974758306673 (fairy_mass=6.98974758306673, ln(k)=1.9444) ===
  k=6.98974758306673 seed  score=1000000.0000  alpha=-0.500 beta=0.000
  k=6.98974758306673 refined  score=1000000.0000  v_rad=-0.15811 v_tan=0.00000  success=True
=== optimize k=15.21409380444435 (fairy_mass=15.21409380444435, ln(k)=2.7222) ===
  k=15.21409380444435 seed  score=1000000.0000  alpha=-0.500 beta=0.000
  k=15.21409380444435 refined  score=1000000.0000  v_rad=-0.15811 v_tan=0.00000  success=True
=== optimize k=33.115451958692304 (fairy_mass=33.115451958692304, ln(k)=3.5000) ===
  k=33.115451958692304 seed  score=1000000.0000  alpha=-0.500 beta=0.000
  k=33.115451958692304 refined  score=1000000.0000  v_rad=-0.15811 v_tan=0.00000  success=True
summary written; best per k:
  k=0.030  score=1000000.0000  alpha=-0.5000  beta=0.0000
  k=0.066  score=1000000.0000  alpha=-0.5000  beta=0.0000
  k=0.143  score=1000000.0000  alpha=-0.5000  beta=0.0000
  k=0.311  score=1000000.0000  alpha=-0.5000  beta=0.0000
  k=0.678  score=1000000.0000  alpha=-0.5000  beta=0.0000
  k=1.475  score=1000000.0000  alpha=-0.5000  beta=0.0000
  k=3.211  score=1000000.0000  alpha=-0.5000  beta=0.0000
  k=6.990  score=1000000.0000  alpha=-0.5000  beta=0.0000
  k=15.214  score=1000000.0000  alpha=-0.5000  beta=0.0000
  k=33.115  score=1000000.0000  alpha=-0.5000  beta=0.0000
global best: k=0.030197 ln(k)=-3.5000 score=1000000.0000 alpha=-0.5000 beta=0.0000
plots under D:\10_projects\playground\Astrophysics\experiments\output
